**********************
PowerShell transcript start
Start time: 20260601015227
Username: NEVER-GIVE-UP\Asmaa_Ali
RunAs User: NEVER-GIVE-UP\Asmaa_Ali
Configuration Name: 
Machine: NEVER-GIVE-UP (Microsoft Windows NT 10.0.26100.0)
Host Application: C:\Program Files\PowerShell\7\pwsh.dll -noexit -command try { . "c:\Users\Asmaa_Ali\AppData\Local\Programs\Microsoft VS Code\8761a5560c\resources\app\out\vs\workbench\contrib\terminal\common\scripts\shellIntegration.ps1" } catch {}
Process ID: 6932
PSVersion: 7.5.5
PSEdition: Core
GitCommitId: 7.5.5
OS: Microsoft Windows 10.0.26100
Platform: Win32NT
PSCompatibleVersions: 1.0, 2.0, 3.0, 4.0, 5.0, 5.1, 6.0, 7.0
PSRemotingProtocolVersion: 2.3
SerializationVersion: 1.1.0.1
WSManStackVersion: 3.0
**********************
Transcript started, output file is A:\Repositories\PRING\local_logs\pring_direct_neo4j_load_20260601_015227.log
============================================================
PRING local direct Neo4j load from existing rematerialized run
Date: 06/01/2026 01:52:27
Project directory: A:\Repositories\PRING
Venv directory: A:\Repositories\PRING\.venv
Source run ID: cyp450_5enzymes_uncapped_raw_rematerialized
Source run directory: A:\Repositories\PRING\runs\cyp450_5enzymes_uncapped_raw_rematerialized
Schema DOT: A:\Repositories\PRING\schema\pring-implementation-ready-schema.dot
Neo4j URI: bolt://localhost:7687
Neo4j user: neo4j
Neo4j database: neo4j
Reset Neo4j: true
Validate ML artifacts: true
Validate Neo4j CSV artifacts: true
Allow network: false

Important: this script does NOT rematerialize and does NOT pass --run-id.
It loads directly from --run-dir to avoid copying Windows-locked CSV files.
============================================================

Running: python --version


Running: python -c import sys; print(sys.executable)

Checking PRING CLI:

Running: python -m pring --help
                        Add PubChem PUG-REST compound similarity ed

Running: python -m pring load-run --help
  --compound-similarity-threshold COMP
============================================================
Step 1/4: Preflight checks for existing rematerialized run
============================================================
Working run directory: A:\Repositories\PRING\runs\cyp450_5enzymes_uncapped_raw_rematerialized
Canonical JSONL graph artifacts:

Name                    Length
----                    ------
AlphaFold.jsonl           3235
AlphaFold.jsonl.gz         456
BioAssay.jsonl         7418392
BioAssay.jsonl.gz       575829
Compound.jsonl       207229287
Compound.jsonl.gz     21189516
Endpoint.jsonl        75376511
Endpoint.jsonl.gz      2207492
Gene.jsonl                2852
Gene.jsonl.gz              405
GO.jsonl                 40364
GO.jsonl.gz               2495
Interaction.jsonl     30810504
InterPro.jsonl            5503
InterPro.jsonl.gz          412
MeasureGrp.jsonl       3310787
MeasureGrp.jsonl.gz     308725
MolGraph.jsonl      1950403363
MolGraph.jsonl.gz    120370032
Neighbors.jsonl      329166028


Name                                  Length
----                                  ------
ABOUT_SUBSTANCE.jsonl               16052647
ABOUT_SUBSTANCE.jsonl.gz              957624
ALIGNS_TO_PATHWAY.jsonl                10649
ALIGNS_TO_PATHWAY.jsonl.gz               352
ASSERTS_CHEMICAL.jsonl              12926388
ASSERTS_TARGET.jsonl                13040540
DESCRIBED_BY.jsonl                   4573908
ENCODED_BY.jsonl                         810
ENCODED_BY.jsonl.gz                      193
HAS_ALPHAFOLD_MODEL.jsonl                945
HAS_ALPHAFOLD_MODEL.jsonl.gz             224
HAS_ENDPOINT.jsonl                  17984216
HAS_ENDPOINT.jsonl.gz                 860460
HAS_GO_ANNOTATION.jsonl                28215
HAS_GO_ANNOTATION.jsonl.gz              1002
HAS_INTERPRO_DOMAIN.jsonl               4968
HAS_INTERPRO_DOMAIN.jsonl.gz             328
HAS_MEASURE_GROUP.jsonl             16889598
HAS_MEASURE_GROUP.jsonl.gz            358408
HAS_MOLECULAR_REPRESENTATION.jsonl 319651482

============================================================
Step 2/4: Validating existing artifacts
============================================================
OK CSV: A:\Repositories\PRING\runs\cyp450_5enzymes_uncapped_raw_rematerialized\graph\ml\node_mapping.csv lines=4415755
OK CSV: A:\Repositories\PRING\runs\cyp450_5enzymes_uncapped_raw_rematerialized\graph\ml\relation_mapping.csv lines=33
OK CSV: A:\Repositories\PRING\runs\cyp450_5enzymes_uncapped_raw_rematerialized\graph\ml\edge_index.csv lines=5852302
OK CSV: A:\Repositories\PRING\runs\cyp450_5enzymes_uncapped_raw_rematerialized\graph\ml\node_features_compound.csv lines=762435
OK CSV: A:\Repositories\PRING\runs\cyp450_5enzymes_uncapped_raw_rematerialized\graph\ml\node_features_protein.csv lines=6
OK CSV: A:\Repositories\PRING\runs\cyp450_5enzymes_uncapped_raw_rematerialized\graph\ml\node_features_endpoint.csv lines=74098
OK CSV: A:\Repositories\PRING\runs\cyp450_5enzymes_uncapped_raw_rematerialized\graph\ml\positive_compound_target_pairs.csv lines=35459
OK CSV: A:\Repositories\PRING\runs\cyp450_5enzymes_uncapped_raw_rematerialized\graph\ml\negative_compound_target_pairs.csv lines=3296
OK CSV: A:\Repositories\PRING\runs\cyp450_5enzymes_uncapped_raw_rematerialized\graph\ml\candidate_missing_compound_target_pairs.csv lines=3755473
OK CSV: A:\Repositories\PRING\runs\cyp450_5enzymes_uncapped_raw_rematerialized\graph\ml\compound_target_training_pairs.csv lines=38754
OK CSV: A:\Repositories\PRING\runs\cyp450_5enzymes_uncapped_raw_rematerialized\graph\ml\compound_target_link_prediction_pairs.csv lines=3794226
WARNING: Optional CSV missing, continuing: A:\Repositories\PRING\runs\cyp450_5enzymes_uncapped_raw_rematerialized\graph\ml\target_resolution_report.csv
WARNING: Optional CSV missing, continuing: A:\Repositories\PRING\runs\cyp450_5enzymes_uncapped_raw_rematerialized\graph\ml\target_binding_quality.csv
WARNING: Optional CSV missing, continuing: A:\Repositories\PRING\runs\cyp450_5enzymes_uncapped_raw_rematerialized\graph\ml\gcn_readiness_report.csv
ML summary:
  node_mapping rows: 4415754
  edge_index rows: 5852301
  positive pairs: 35458
  candidate missing pairs: 3755472
  confirmed negative pairs: 3295
OK CSV: A:\Repositories\PRING\runs\cyp450_5enzymes_uncapped_raw_rematerialized\graph\neo4j_csv\nodes\Compound.csv lines=762435
OK CSV: A:\Repositories\PRING\runs\cyp450_5enzymes_uncapped_raw_rematerialized\graph\neo4j_csv\nodes\Protein.csv lines=6
OK CSV: A:\Repositories\PRING\runs\cyp450_5enzymes_uncapped_raw_rematerialized\graph\neo4j_csv\nodes\Gene.csv lines=6
OK CSV: A:\Repositories\PRING\runs\cyp450_5enzymes_uncapped_raw_rematerialized\graph\neo4j_csv\nodes\Endpoint.csv lines=74098
OK CSV: A:\Repositories\PRING\runs\cyp450_5enzymes_uncapped_raw_rematerialized\graph\neo4j_csv\nodes\MeasureGrp.csv lines=16967
OK CSV: A:\Repositories\PRING\runs\cyp450_5enzymes_uncapped_raw_rematerialized\graph\neo4j_csv\nodes\BioAssay.csv lines=16966
OK CSV: A:\Repositories\PRING\runs\cyp450_5enzymes_uncapped_raw_rematerialized\graph\neo4j_csv\nodes\Interaction.csv lines=56699
OK CSV: A:\Repositories\PRING\runs\cyp450_5enzymes_uncapped_raw_rematerialized\graph\neo4j_csv\relationships\STANDARDIZED_TO.csv lines=22278
OK CSV: A:\Repositories\PRING\runs\cyp450_5enzymes_uncapped_raw_rematerialized\graph\neo4j_csv\relationships\ABOUT_SUBSTANCE.csv lines=74098
OK CSV: A:\Repositories\PRING\runs\cyp450_5enzymes_uncapped_raw_rematerialized\graph\neo4j_csv\relationships\HAS_ENDPOINT.csv lines=74098
OK CSV: A:\Repositories\PRING\runs\cyp450_5enzymes_uncapped_raw_rematerialized\graph\neo4j_csv\relationships\TESTED_ON.csv lines=17900
OK CSV: A:\Repositories\PRING\runs\cyp450_5enzymes_uncapped_raw_rematerialized\graph\neo4j_csv\relationships\ASSERTS_CHEMICAL.csv lines=56699
OK CSV: A:\Repositories\PRING\runs\cyp450_5enzymes_uncapped_raw_rematerialized\graph\neo4j_csv\relationships\ASSERTS_TARGET.csv lines=56699
OK CSV: A:\Repositories\PRING\runs\cyp450_5enzymes_uncapped_raw_rematerialized\graph\neo4j_csv\relationships\SUPPORTED_BY_ENDPOINT.csv lines=87011
Checking for duplicate Neo4j CSV node IDs...

Running: python C:\Users\ASMAA_~1\AppData\Local\Temp\pring_snippet_bc8cbef7873e448dae73826c3b885a34.py

============================================================
Step 3/4: Checking Neo4j connection and optional reset
============================================================

Running: python C:\Users\ASMAA_~1\AppData\Local\Temp\pring_snippet_be4c6112efd441399c7ffbf49f9e1a5a.py

RESET_NEO4J=true, clearing existing Neo4j data...

Running: python C:\Users\ASMAA_~1\AppData\Local\Temp\pring_snippet_36f69f5914394074b7d75029002a0add.py

============================================================
Step 4/4: Directly loading existing run into Neo4j
Started: 06/01/2026 02:01:27
============================================================

Running: python -m pring load-run --run-dir A:\Repositories\PRING\runs\cyp450_5enzymes_uncapped_raw_rematerialized --rematerialize-schema false --rematerialize-csv false --load-neo4j true --neo4j-uri bolt://localhost:7687 --neo4j-user neo4j --neo4j-password cyp450kg --neo4j-db neo4j --ensure-neo4j-schema true --validate-dot-schema true --schema-dot A:\Repositories\PRING\schema\pring-implementation-ready-schema.dot --allow-network false

Finished Neo4j loading: 06/01/2026 02:30:38
============================================================
Post-load Neo4j validation
============================================================

Running: python C:\Users\ASMAA_~1\AppData\Local\Temp\pring_snippet_279edc8b180c42c4948b41f8374a645e.py

============================================================
Output artifacts
============================================================
Loaded source run directory: A:\Repositories\PRING\runs\cyp450_5enzymes_uncapped_raw_rematerialized

ML artifacts:
A:\Repositories\PRING\runs\cyp450_5enzymes_uncapped_raw_rematerialized\graph\ml\candidate_missing_compound_target_pairs.csv
A:\Repositories\PRING\runs\cyp450_5enzymes_uncapped_raw_rematerialized\graph\ml\candidate_missing_pairs_all_materialized_compounds.csv
A:\Repositories\PRING\runs\cyp450_5enzymes_uncapped_raw_rematerialized\graph\ml\candidate_missing_pairs_observed_compounds_only.csv
A:\Repositories\PRING\runs\cyp450_5enzymes_uncapped_raw_rematerialized\graph\ml\compound_target_link_prediction_pairs.csv
A:\Repositories\PRING\runs\cyp450_5enzymes_uncapped_raw_rematerialized\graph\ml\compound_target_training_pairs.csv
A:\Repositories\PRING\runs\cyp450_5enzymes_uncapped_raw_rematerialized\graph\ml\edge_index_holdout_removed_edges.csv
A:\Repositories\PRING\runs\cyp450_5enzymes_uncapped_raw_rematerialized\graph\ml\edge_index_train_only.csv
A:\Repositories\PRING\runs\cyp450_5enzymes_uncapped_raw_rematerialized\graph\ml\edge_index.csv
A:\Repositories\PRING\runs\cyp450_5enzymes_uncapped_raw_rematerialized\graph\ml\feature_column_manifest.json
A:\Repositories\PRING\runs\cyp450_5enzymes_uncapped_raw_rematerialized\graph\ml\gcn_case_study_report.json
A:\Repositories\PRING\runs\cyp450_5enzymes_uncapped_raw_rematerialized\graph\ml\modeling_readiness_manifest.json
A:\Repositories\PRING\runs\cyp450_5enzymes_uncapped_raw_rematerialized\graph\ml\negative_compound_target_pairs.csv
A:\Repositories\PRING\runs\cyp450_5enzymes_uncapped_raw_rematerialized\graph\ml\node_features_compound_model_matrix.csv
A:\Repositories\PRING\runs\cyp450_5enzymes_uncapped_raw_rematerialized\graph\ml\node_features_compound_normalized.csv
A:\Repositories\PRING\runs\cyp450_5enzymes_uncapped_raw_rematerialized\graph\ml\node_features_compound_tensor_metadata.csv
A:\Repositories\PRING\runs\cyp450_5enzymes_uncapped_raw_rematerialized\graph\ml\node_features_compound_tensor.csv
A:\Repositories\PRING\runs\cyp450_5enzymes_uncapped_raw_rematerialized\graph\ml\node_features_compound.csv
A:\Repositories\PRING\runs\cyp450_5enzymes_uncapped_raw_rematerialized\graph\ml\node_features_endpoint_model_matrix.csv
A:\Repositories\PRING\runs\cyp450_5enzymes_uncapped_raw_rematerialized\graph\ml\node_features_endpoint_normalized.csv
A:\Repositories\PRING\runs\cyp450_5enzymes_uncapped_raw_rematerialized\graph\ml\node_features_endpoint_tensor_metadata.csv
A:\Repositories\PRING\runs\cyp450_5enzymes_uncapped_raw_rematerialized\graph\ml\node_features_endpoint_tensor.csv
A:\Repositories\PRING\runs\cyp450_5enzymes_uncapped_raw_rematerialized\graph\ml\node_features_endpoint.csv
A:\Repositories\PRING\runs\cyp450_5enzymes_uncapped_raw_rematerialized\graph\ml\node_features_protein_model_matrix.csv
A:\Repositories\PRING\runs\cyp450_5enzymes_uncapped_raw_rematerialized\graph\ml\node_features_protein_normalized.csv
A:\Repositories\PRING\runs\cyp450_5enzymes_uncapped_raw_rematerialized\graph\ml\node_features_protein_tensor_metadata.csv
A:\Repositories\PRING\runs\cyp450_5enzymes_uncapped_raw_rematerialized\graph\ml\node_features_protein_tensor.csv
A:\Repositories\PRING\runs\cyp450_5enzymes_uncapped_raw_rematerialized\graph\ml\node_features_protein.csv
A:\Repositories\PRING\runs\cyp450_5enzymes_uncapped_raw_rematerialized\graph\ml\node_features_protembed_model_matrix.csv
A:\Repositories\PRING\runs\cyp450_5enzymes_uncapped_raw_rematerialized\graph\ml\node_features_protembed_normalized.csv
A:\Repositories\PRING\runs\cyp450_5enzymes_uncapped_raw_rematerialized\graph\ml\node_features_protembed_tensor_metadata.csv
A:\Repositories\PRING\runs\cyp450_5enzymes_uncapped_raw_rematerialized\graph\ml\node_features_protembed_tensor.csv
A:\Repositories\PRING\runs\cyp450_5enzymes_uncapped_raw_rematerialized\graph\ml\node_features_protembed.csv
A:\Repositories\PRING\runs\cyp450_5enzymes_uncapped_raw_rematerialized\graph\ml\node_mapping.csv
A:\Repositories\PRING\runs\cyp450_5enzymes_uncapped_raw_rematerialized\graph\ml\normalization_stats.json
A:\Repositories\PRING\runs\cyp450_5enzymes_uncapped_raw_rematerialized\graph\ml\positive_compound_target_pairs.csv
A:\Repositories\PRING\runs\cyp450_5enzymes_uncapped_raw_rematerialized\graph\ml\relation_mapping.csv

Neo4j CSV node artifacts:
A:\Repositories\PRING\runs\cyp450_5enzymes_uncapped_raw_rematerialized\graph\neo4j_csv\nodes\AlphaFold.csv
A:\Repositories\PRING\runs\cyp450_5enzymes_uncapped_raw_rematerialized\graph\neo4j_csv\nodes\BioAssay.csv
A:\Repositories\PRING\runs\cyp450_5enzymes_uncapped_raw_rematerialized\graph\neo4j_csv\nodes\Compound.csv
A:\Repositories\PRING\runs\cyp450_5enzymes_uncapped_raw_rematerialized\graph\neo4j_csv\nodes\Endpoint.csv
A:\Repositories\PRING\runs\cyp450_5enzymes_uncapped_raw_rematerialized\graph\neo4j_csv\nodes\Gene.csv
A:\Repositories\PRING\runs\cyp450_5enzymes_uncapped_raw_rematerialized\graph\neo4j_csv\nodes\GO.csv
A:\Repositories\PRING\runs\cyp450_5enzymes_uncapped_raw_rematerialized\graph\neo4j_csv\nodes\Interaction.csv
A:\Repositories\PRING\runs\cyp450_5enzymes_uncapped_raw_rematerialized\graph\neo4j_csv\nodes\InterPro.csv
A:\Repositories\PRING\runs\cyp450_5enzymes_uncapped_raw_rematerialized\graph\neo4j_csv\nodes\MeasureGrp.csv
A:\Repositories\PRING\runs\cyp450_5enzymes_uncapped_raw_rematerialized\graph\neo4j_csv\nodes\MolGraph.csv
A:\Repositories\PRING\runs\cyp450_5enzymes_uncapped_raw_rematerialized\graph\neo4j_csv\nodes\Neighbors.csv
A:\Repositories\PRING\runs\cyp450_5enzymes_uncapped_raw_rematerialized\graph\neo4j_csv\nodes\Organism.csv
A:\Repositories\PRING\runs\cyp450_5enzymes_uncapped_raw_rematerialized\graph\neo4j_csv\nodes\Pathway.csv
A:\Repositories\PRING\runs\cyp450_5enzymes_uncapped_raw_rematerialized\graph\neo4j_csv\nodes\PDB.csv
A:\Repositories\PRING\runs\cyp450_5enzymes_uncapped_raw_rematerialized\graph\neo4j_csv\nodes\Properties.csv
A:\Repositories\PRING\runs\cyp450_5enzymes_uncapped_raw_rematerialized\graph\neo4j_csv\nodes\Protein.csv
A:\Repositories\PRING\runs\cyp450_5enzymes_uncapped_raw_rematerialized\graph\neo4j_csv\nodes\ProtEmbed.csv
A:\Repositories\PRING\runs\cyp450_5enzymes_uncapped_raw_rematerialized\graph\neo4j_csv\nodes\Reactome.csv
A:\Repositories\PRING\runs\cyp450_5enzymes_uncapped_raw_rematerialized\graph\neo4j_csv\nodes\Reference.csv
A:\Repositories\PRING\runs\cyp450_5enzymes_uncapped_raw_rematerialized\graph\neo4j_csv\nodes\Source.csv
A:\Repositories\PRING\runs\cyp450_5enzymes_uncapped_raw_rematerialized\graph\neo4j_csv\nodes\Structure.csv
A:\Repositories\PRING\runs\cyp450_5enzymes_uncapped_raw_rematerialized\graph\neo4j_csv\nodes\Substance.csv
A:\Repositories\PRING\runs\cyp450_5enzymes_uncapped_raw_rematerialized\graph\neo4j_csv\nodes\Synonyms.csv
A:\Repositories\PRING\runs\cyp450_5enzymes_uncapped_raw_rematerialized\graph\neo4j_csv\nodes\TextMine.csv
A:\Repositories\PRING\runs\cyp450_5enzymes_uncapped_raw_rematerialized\graph\neo4j_csv\nodes\UniProt.csv

Neo4j CSV relationship artifacts:
A:\Repositories\PRING\runs\cyp450_5enzymes_uncapped_raw_rematerialized\graph\neo4j_csv\relationships\ABOUT_SUBSTANCE.csv
A:\Repositories\PRING\runs\cyp450_5enzymes_uncapped_raw_rematerialized\graph\neo4j_csv\relationships\ALIGNS_TO_PATHWAY.csv
A:\Repositories\PRING\runs\cyp450_5enzymes_uncapped_raw_rematerialized\graph\neo4j_csv\relationships\ASSERTS_CHEMICAL.csv
A:\Repositories\PRING\runs\cyp450_5enzymes_uncapped_raw_rematerialized\graph\neo4j_csv\relationships\ASSERTS_TARGET.csv
A:\Repositories\PRING\runs\cyp450_5enzymes_uncapped_raw_rematerialized\graph\neo4j_csv\relationships\DESCRIBED_BY.csv
A:\Repositories\PRING\runs\cyp450_5enzymes_uncapped_raw_rematerialized\graph\neo4j_csv\relationships\ENCODED_BY.csv
A:\Repositories\PRING\runs\cyp450_5enzymes_uncapped_raw_rematerialized\graph\neo4j_csv\relationships\HAS_ALPHAFOLD_MODEL.csv
A:\Repositories\PRING\runs\cyp450_5enzymes_uncapped_raw_rematerialized\graph\neo4j_csv\relationships\HAS_ENDPOINT.csv
A:\Repositories\PRING\runs\cyp450_5enzymes_uncapped_raw_rematerialized\graph\neo4j_csv\relationships\HAS_GO_ANNOTATION.csv
A:\Repositories\PRING\runs\cyp450_5enzymes_uncapped_raw_rematerialized\graph\neo4j_csv\relationships\HAS_INTERPRO_DOMAIN.csv
A:\Repositories\PRING\runs\cyp450_5enzymes_uncapped_raw_rematerialized\graph\neo4j_csv\relationships\HAS_MEASURE_GROUP.csv
A:\Repositories\PRING\runs\cyp450_5enzymes_uncapped_raw_rematerialized\graph\neo4j_csv\relationships\HAS_MOLECULAR_REPRESENTATION.csv
A:\Repositories\PRING\runs\cyp450_5enzymes_uncapped_raw_rematerialized\graph\neo4j_csv\relationships\HAS_NEIGHBOR_SET.csv
A:\Repositories\PRING\runs\cyp450_5enzymes_uncapped_raw_rematerialized\graph\neo4j_csv\relationships\HAS_PDB_STRUCTURE.csv
A:\Repositories\PRING\runs\cyp450_5enzymes_uncapped_raw_rematerialized\graph\neo4j_csv\relationships\HAS_PROPERTIES.csv
A:\Repositories\PRING\runs\cyp450_5enzymes_uncapped_raw_rematerialized\graph\neo4j_csv\relationships\HAS_PROTEIN_EMBEDDING.csv
A:\Repositories\PRING\runs\cyp450_5enzymes_uncapped_raw_rematerialized\graph\neo4j_csv\relationships\HAS_SOURCE.csv
A:\Repositories\PRING\runs\cyp450_5enzymes_uncapped_raw_rematerialized\graph\neo4j_csv\relationships\HAS_STRUCTURE.csv
A:\Repositories\PRING\runs\cyp450_5enzymes_uncapped_raw_rematerialized\graph\neo4j_csv\relationships\HAS_SYNONYMS.csv
A:\Repositories\PRING\runs\cyp450_5enzymes_uncapped_raw_rematerialized\graph\neo4j_csv\relationships\HAS_UNIPROT_RECORD.csv
A:\Repositories\PRING\runs\cyp450_5enzymes_uncapped_raw_rematerialized\graph\neo4j_csv\relationships\IN_ORGANISM.csv
A:\Repositories\PRING\runs\cyp450_5enzymes_uncapped_raw_rematerialized\graph\neo4j_csv\relationships\MAPS_TO_REACTOME_PATHWAY.csv
A:\Repositories\PRING\runs\cyp450_5enzymes_uncapped_raw_rematerialized\graph\neo4j_csv\relationships\PARTICIPATES_IN.csv
A:\Repositories\PRING\runs\cyp450_5enzymes_uncapped_raw_rematerialized\graph\neo4j_csv\relationships\SCOPED_TO_ORGANISM.csv
A:\Repositories\PRING\runs\cyp450_5enzymes_uncapped_raw_rematerialized\graph\neo4j_csv\relationships\SIMILAR_TO.csv
A:\Repositories\PRING\runs\cyp450_5enzymes_uncapped_raw_rematerialized\graph\neo4j_csv\relationships\STANDARDIZED_TO.csv
A:\Repositories\PRING\runs\cyp450_5enzymes_uncapped_raw_rematerialized\graph\neo4j_csv\relationships\SUBMITTED_BY.csv
A:\Repositories\PRING\runs\cyp450_5enzymes_uncapped_raw_rematerialized\graph\neo4j_csv\relationships\SUPPORTED_BY_ASSAY.csv
A:\Repositories\PRING\runs\cyp450_5enzymes_uncapped_raw_rematerialized\graph\neo4j_csv\relationships\SUPPORTED_BY_ENDPOINT.csv
A:\Repositories\PRING\runs\cyp450_5enzymes_uncapped_raw_rematerialized\graph\neo4j_csv\relationships\SUPPORTED_BY_REFERENCE.csv
A:\Repositories\PRING\runs\cyp450_5enzymes_uncapped_raw_rematerialized\graph\neo4j_csv\relationships\SUPPORTED_BY.csv
A:\Repositories\PRING\runs\cyp450_5enzymes_uncapped_raw_rematerialized\graph\neo4j_csv\relationships\TESTED_ON.csv
============================================================
Completed PRING direct Neo4j load from existing run
Date: 06/01/2026 02:30:46
Log file: A:\Repositories\PRING\local_logs\pring_direct_neo4j_load_20260601_015227.log
============================================================
**********************
PowerShell transcript end
End time: 20260601023046
**********************
